============================= test session starts ==============================
platform linux -- Python 3.12.3, pytest-9.0.3, pluggy-1.6.0 -- /usr/bin/python3
cachedir: .pytest_cache
rootdir: /home/inon/projects/mefathim/ksp_trading_app
configfile: pytest.ini
plugins: anyio-4.13.0, asyncio-1.3.0
asyncio: mode=Mode.AUTO, debug=False, asyncio_default_fixture_loop_scope=None, asyncio_default_test_loop_scope=function
collecting ... collected 8 items

tests/test_domain_and_services.py::test_product_model_validation PASSED  [ 12%]
tests/test_domain_and_services.py::test_product_with_image_and_specs PASSED [ 25%]
tests/test_domain_and_services.py::test_product_currency_normalization PASSED [ 37%]
tests/test_domain_and_services.py::test_get_cheapest_product PASSED      [ 50%]
tests/test_domain_and_services.py::test_get_cheapest_product_empty_list PASSED [ 62%]
tests/test_domain_and_services.py::test_cart_total_price PASSED          [ 75%]
tests/test_domain_and_services.py::test_cart_empty PASSED                [ 87%]
tests/test_e2e_flow.py::test_full_automation_flow PASSED                 [100%]

============================== 8 passed in 0.18s ===============================
